mode: set
lmzsoftware.com/lzuccarelli/golang-blockchain-interface/pkg/validator/validate.go:14.59,18.27 4 1
lmzsoftware.com/lzuccarelli/golang-blockchain-interface/pkg/validator/validate.go:26.2,26.12 1 1
lmzsoftware.com/lzuccarelli/golang-blockchain-interface/pkg/validator/validate.go:18.27,19.15 1 1
lmzsoftware.com/lzuccarelli/golang-blockchain-interface/pkg/validator/validate.go:19.15,22.4 2 1
lmzsoftware.com/lzuccarelli/golang-blockchain-interface/pkg/validator/validate.go:22.9,24.4 1 1
lmzsoftware.com/lzuccarelli/golang-blockchain-interface/pkg/validator/validate.go:32.50,38.26 2 1
lmzsoftware.com/lzuccarelli/golang-blockchain-interface/pkg/validator/validate.go:43.2,43.12 1 1
lmzsoftware.com/lzuccarelli/golang-blockchain-interface/pkg/validator/validate.go:38.26,39.54 1 1
lmzsoftware.com/lzuccarelli/golang-blockchain-interface/pkg/validator/validate.go:39.54,41.4 1 1
lmzsoftware.com/lzuccarelli/golang-blockchain-interface/pkg/handlers/handlers.go:29.89,37.2 7 1
lmzsoftware.com/lzuccarelli/golang-blockchain-interface/pkg/handlers/handlers.go:39.85,51.2 11 1
lmzsoftware.com/lzuccarelli/golang-blockchain-interface/pkg/handlers/handlers.go:53.87,58.16 5 1
lmzsoftware.com/lzuccarelli/golang-blockchain-interface/pkg/handlers/handlers.go:66.2,67.14 2 1
lmzsoftware.com/lzuccarelli/golang-blockchain-interface/pkg/handlers/handlers.go:75.2,76.14 2 1
lmzsoftware.com/lzuccarelli/golang-blockchain-interface/pkg/handlers/handlers.go:84.2,84.59 1 1
lmzsoftware.com/lzuccarelli/golang-blockchain-interface/pkg/handlers/handlers.go:88.2,92.33 5 1
lmzsoftware.com/lzuccarelli/golang-blockchain-interface/pkg/handlers/handlers.go:58.16,65.3 6 1
lmzsoftware.com/lzuccarelli/golang-blockchain-interface/pkg/handlers/handlers.go:67.14,74.3 6 1
lmzsoftware.com/lzuccarelli/golang-blockchain-interface/pkg/handlers/handlers.go:76.14,83.3 6 1
lmzsoftware.com/lzuccarelli/golang-blockchain-interface/pkg/handlers/handlers.go:84.59,87.3 2 1
lmzsoftware.com/lzuccarelli/golang-blockchain-interface/pkg/handlers/handlers.go:95.51,96.26 1 1
lmzsoftware.com/lzuccarelli/golang-blockchain-interface/pkg/handlers/handlers.go:103.2,103.59 1 0
lmzsoftware.com/lzuccarelli/golang-blockchain-interface/pkg/handlers/handlers.go:96.26,102.3 5 1
lmzsoftware.com/lzuccarelli/golang-blockchain-interface/pkg/handlers/handlers.go:106.104,109.62 3 1
lmzsoftware.com/lzuccarelli/golang-blockchain-interface/pkg/handlers/handlers.go:112.2,120.22 9 1
lmzsoftware.com/lzuccarelli/golang-blockchain-interface/pkg/handlers/handlers.go:109.62,111.3 1 1
lmzsoftware.com/lzuccarelli/golang-blockchain-interface/pkg/handlers/handlers.go:123.66,124.40 1 1
lmzsoftware.com/lzuccarelli/golang-blockchain-interface/pkg/handlers/handlers.go:127.2,127.40 1 1
lmzsoftware.com/lzuccarelli/golang-blockchain-interface/pkg/handlers/handlers.go:130.2,130.46 1 1
lmzsoftware.com/lzuccarelli/golang-blockchain-interface/pkg/handlers/handlers.go:133.2,133.13 1 1
lmzsoftware.com/lzuccarelli/golang-blockchain-interface/pkg/handlers/handlers.go:124.40,126.3 1 0
lmzsoftware.com/lzuccarelli/golang-blockchain-interface/pkg/handlers/handlers.go:127.40,129.3 1 0
lmzsoftware.com/lzuccarelli/golang-blockchain-interface/pkg/handlers/handlers.go:130.46,132.3 1 0
lmzsoftware.com/lzuccarelli/golang-blockchain-interface/pkg/handlers/handlers.go:136.54,137.38 1 1
lmzsoftware.com/lzuccarelli/golang-blockchain-interface/pkg/handlers/handlers.go:137.38,139.3 1 1
lmzsoftware.com/lzuccarelli/golang-blockchain-interface/pkg/handlers/handlers.go:142.56,148.2 5 1
lmzsoftware.com/lzuccarelli/golang-blockchain-interface/pkg/handlers/handlers.go:150.54,152.2 1 1
lmzsoftware.com/lzuccarelli/golang-blockchain-interface/pkg/handlers/handlers.go:155.57,161.2 4 1
